Archive member included to satisfy reference by file (symbol)

d:/embedded/imt_arm/02-tools_novirus/03-eclipse sdk/good to go/eclipse-embedcpp-2021-03-r-win32-x86_64/armgcc/bin/../lib/gcc/arm-none-eabi/7.2.1/../../../../arm-none-eabi/lib/thumb/v7-m\libg_nano.a(lib_a-errno.o)
                              ./system/src/newlib/sbrk.o (__errno)
d:/embedded/imt_arm/02-tools_novirus/03-eclipse sdk/good to go/eclipse-embedcpp-2021-03-r-win32-x86_64/armgcc/bin/../lib/gcc/arm-none-eabi/7.2.1/../../../../arm-none-eabi/lib/thumb/v7-m\libg_nano.a(lib_a-impure.o)
                              d:/embedded/imt_arm/02-tools_novirus/03-eclipse sdk/good to go/eclipse-embedcpp-2021-03-r-win32-x86_64/armgcc/bin/../lib/gcc/arm-none-eabi/7.2.1/../../../../arm-none-eabi/lib/thumb/v7-m\libg_nano.a(lib_a-errno.o) (_impure_ptr)
d:/embedded/imt_arm/02-tools_novirus/03-eclipse sdk/good to go/eclipse-embedcpp-2021-03-r-win32-x86_64/armgcc/bin/../lib/gcc/arm-none-eabi/7.2.1/../../../../arm-none-eabi/lib/thumb/v7-m\libg_nano.a(lib_a-memcpy-stub.o)
                              ./src/IR_prog.o (memcpy)
d:/embedded/imt_arm/02-tools_novirus/03-eclipse sdk/good to go/eclipse-embedcpp-2021-03-r-win32-x86_64/armgcc/bin/../lib/gcc/arm-none-eabi/7.2.1/../../../../arm-none-eabi/lib/thumb/v7-m\libg_nano.a(lib_a-memset.o)
                              ./src/IR_prog.o (memset)
d:/embedded/imt_arm/02-tools_novirus/03-eclipse sdk/good to go/eclipse-embedcpp-2021-03-r-win32-x86_64/armgcc/bin/../lib/gcc/arm-none-eabi/7.2.1/../../../../arm-none-eabi/lib/thumb/v7-m\libg_nano.a(lib_a-strlen.o)
                              ./system/src/diag/trace.o (strlen)
d:/embedded/imt_arm/02-tools_novirus/03-eclipse sdk/good to go/eclipse-embedcpp-2021-03-r-win32-x86_64/armgcc/bin/../lib/gcc/arm-none-eabi/7.2.1/../../../../arm-none-eabi/lib/thumb/v7-m\libg_nano.a(lib_a-vsnprintf.o)
                              ./system/src/diag/trace.o (vsnprintf)
d:/embedded/imt_arm/02-tools_novirus/03-eclipse sdk/good to go/eclipse-embedcpp-2021-03-r-win32-x86_64/armgcc/bin/../lib/gcc/arm-none-eabi/7.2.1/../../../../arm-none-eabi/lib/thumb/v7-m\libg_nano.a(lib_a-nano-svfprintf.o)
                              d:/embedded/imt_arm/02-tools_novirus/03-eclipse sdk/good to go/eclipse-embedcpp-2021-03-r-win32-x86_64/armgcc/bin/../lib/gcc/arm-none-eabi/7.2.1/../../../../arm-none-eabi/lib/thumb/v7-m\libg_nano.a(lib_a-vsnprintf.o) (_svfprintf_r)
d:/embedded/imt_arm/02-tools_novirus/03-eclipse sdk/good to go/eclipse-embedcpp-2021-03-r-win32-x86_64/armgcc/bin/../lib/gcc/arm-none-eabi/7.2.1/../../../../arm-none-eabi/lib/thumb/v7-m\libg_nano.a(lib_a-nano-vfprintf_i.o)
                              d:/embedded/imt_arm/02-tools_novirus/03-eclipse sdk/good to go/eclipse-embedcpp-2021-03-r-win32-x86_64/armgcc/bin/../lib/gcc/arm-none-eabi/7.2.1/../../../../arm-none-eabi/lib/thumb/v7-m\libg_nano.a(lib_a-nano-svfprintf.o) (_printf_i)
d:/embedded/imt_arm/02-tools_novirus/03-eclipse sdk/good to go/eclipse-embedcpp-2021-03-r-win32-x86_64/armgcc/bin/../lib/gcc/arm-none-eabi/7.2.1/../../../../arm-none-eabi/lib/thumb/v7-m\libg_nano.a(lib_a-memchr-stub.o)
                              d:/embedded/imt_arm/02-tools_novirus/03-eclipse sdk/good to go/eclipse-embedcpp-2021-03-r-win32-x86_64/armgcc/bin/../lib/gcc/arm-none-eabi/7.2.1/../../../../arm-none-eabi/lib/thumb/v7-m\libg_nano.a(lib_a-nano-svfprintf.o) (memchr)
d:/embedded/imt_arm/02-tools_novirus/03-eclipse sdk/good to go/eclipse-embedcpp-2021-03-r-win32-x86_64/armgcc/bin/../lib/gcc/arm-none-eabi/7.2.1/../../../../arm-none-eabi/lib/thumb/v7-m\libg_nano.a(lib_a-memmove.o)
                              d:/embedded/imt_arm/02-tools_novirus/03-eclipse sdk/good to go/eclipse-embedcpp-2021-03-r-win32-x86_64/armgcc/bin/../lib/gcc/arm-none-eabi/7.2.1/../../../../arm-none-eabi/lib/thumb/v7-m\libg_nano.a(lib_a-nano-svfprintf.o) (memmove)
d:/embedded/imt_arm/02-tools_novirus/03-eclipse sdk/good to go/eclipse-embedcpp-2021-03-r-win32-x86_64/armgcc/bin/../lib/gcc/arm-none-eabi/7.2.1/../../../../arm-none-eabi/lib/thumb/v7-m\libg_nano.a(lib_a-nano-freer.o)
                              d:/embedded/imt_arm/02-tools_novirus/03-eclipse sdk/good to go/eclipse-embedcpp-2021-03-r-win32-x86_64/armgcc/bin/../lib/gcc/arm-none-eabi/7.2.1/../../../../arm-none-eabi/lib/thumb/v7-m\libg_nano.a(lib_a-nano-svfprintf.o) (_free_r)
d:/embedded/imt_arm/02-tools_novirus/03-eclipse sdk/good to go/eclipse-embedcpp-2021-03-r-win32-x86_64/armgcc/bin/../lib/gcc/arm-none-eabi/7.2.1/../../../../arm-none-eabi/lib/thumb/v7-m\libg_nano.a(lib_a-nano-mallocr.o)
                              d:/embedded/imt_arm/02-tools_novirus/03-eclipse sdk/good to go/eclipse-embedcpp-2021-03-r-win32-x86_64/armgcc/bin/../lib/gcc/arm-none-eabi/7.2.1/../../../../arm-none-eabi/lib/thumb/v7-m\libg_nano.a(lib_a-nano-svfprintf.o) (_malloc_r)
[...]
Memory Configuration

Name             Origin             Length             Attributes
RAM              0x20000000         0x00005000         xrw
CCMRAM           0x00000000         0x00000000         xrw
FLASH            0x08000000         0x00010000         xr
FLASHB1          0x00000000         0x00000000         xr
EXTMEMB0         0x00000000         0x00000000         xr
EXTMEMB1         0x00000000         0x00000000         xr
EXTMEMB2         0x00000000         0x00000000         xr
EXTMEMB3         0x00000000         0x00000000         xr
MEMORY_ARRAY     0x00000000         0x00000000         xrw
*default*        0x00000000         0xffffffff

Linker script and memory map

LOAD ./system/src/stm32f1-hal/stm32f1xx_hal.o
LOAD ./system/src/stm32f1-hal/stm32f1xx_hal_cortex.o
LOAD ./system/src/stm32f1-hal/stm32f1xx_hal_flash.o
LOAD ./system/src/stm32f1-hal/stm32f1xx_hal_flash_ex.o
LOAD ./system/src/stm32f1-hal/stm32f1xx_hal_gpio.o
LOAD ./system/src/stm32f1-hal/stm32f1xx_hal_gpio_ex.o
LOAD ./system/src/stm32f1-hal/stm32f1xx_hal_iwdg.o
LOAD ./system/src/stm32f1-hal/stm32f1xx_hal_pwr.o
LOAD ./system/src/stm32f1-hal/stm32f1xx_hal_rcc.o
LOAD ./system/src/newlib/assert.o
LOAD ./system/src/newlib/cxx.o
LOAD ./system/src/newlib/exit.o
LOAD ./system/src/newlib/sbrk.o
LOAD ./system/src/newlib/startup.o
LOAD ./system/src/newlib/syscalls.o
LOAD ./system/src/diag/trace-impl.o
LOAD ./system/src/diag/trace.o
LOAD ./system/src/cortexm/exception-handlers.o
LOAD ./system/src/cortexm/initialize-hardware.o
LOAD ./system/src/cortexm/reset-hardware.o
LOAD ./system/src/cmsis/system_stm32f1xx.o
LOAD ./system/src/cmsis/vectors_stm32f103xb.o
LOAD ./src/AFIO_prog.o
LOAD ./src/EXTI_prog.o
LOAD ./src/GPIO_prog.o
LOAD ./src/IR_prog.o
LOAD ./src/LEDMRX_prog.o
LOAD ./src/NVIC_prog.o
LOAD ./src/RCC_program.o
LOAD ./src/STK_prog.o
LOAD ./src/TIMER2to5_prog.o
LOAD ./src/initialize-hardware.o
LOAD ./src/main.o
LOAD ./src/stm32f1xx_hal_msp.o
LOAD ./src/write.o
LOAD d:/embedded/imt_arm/02-tools_novirus/03-eclipse sdk/good to go/eclipse-embedcpp-2021-03-r-win32-x86_64/armgcc/bin/../lib/gcc/arm-none-eabi/7.2.1/../../../../arm-none-eabi/lib/thumb/v7-m\libstdc++_nano.a
LOAD d:/embedded/imt_arm/02-tools_novirus/03-eclipse sdk/good to go/eclipse-embedcpp-2021-03-r-win32-x86_64/armgcc/bin/../lib/gcc/arm-none-eabi/7.2.1/../../../../arm-none-eabi/lib/thumb/v7-m\libm.a
START GROUP
LOAD d:/embedded/imt_arm/02-tools_novirus/03-eclipse sdk/good to go/eclipse-embedcpp-2021-03-r-win32-x86_64/armgcc/bin/../lib/gcc/arm-none-eabi/7.2.1/thumb/v7-m\libgcc.a
LOAD d:/embedded/imt_arm/02-tools_novirus/03-eclipse sdk/good to go/eclipse-embedcpp-2021-03-r-win32-x86_64/armgcc/bin/../lib/gcc/arm-none-eabi/7.2.1/../../../../arm-none-eabi/lib/thumb/v7-m\libg_nano.a
LOAD d:/embedded/imt_arm/02-tools_novirus/03-eclipse sdk/good to go/eclipse-embedcpp-2021-03-r-win32-x86_64/armgcc/bin/../lib/gcc/arm-none-eabi/7.2.1/../../../../arm-none-eabi/lib/thumb/v7-m\libc_nano.a
END GROUP
START GROUP
LOAD d:/embedded/imt_arm/02-tools_novirus/03-eclipse sdk/good to go/eclipse-embedcpp-2021-03-r-win32-x86_64/armgcc/bin/../lib/gcc/arm-none-eabi/7.2.1/thumb/v7-m\libgcc.a
LOAD d:/embedded/imt_arm/02-tools_novirus/03-eclipse sdk/good to go/eclipse-embedcpp-2021-03-r-win32-x86_64/armgcc/bin/../lib/gcc/arm-none-eabi/7.2.1/../../../../arm-none-eabi/lib/thumb/v7-m\libc_nano.a
END GROUP
                0x20005000                __stack = (ORIGIN (RAM) + LENGTH (RAM))
                0x20005000                _estack = __stack
                0x00000400                __Main_Stack_Size = 0x400
                [!provide]                PROVIDE (_Main_Stack_Size, __Main_Stack_Size)
                0x20004c00                __Main_Stack_Limit = (__stack - __Main_Stack_Size)
                [!provide]                PROVIDE (_Main_Stack_Limit, __Main_Stack_Limit)
                0x00000100                _Minimum_Stack_Size = 0x100
                0x200005c0                PROVIDE (_Heap_Begin, _end_noinit)
                0x20004c00                PROVIDE (_Heap_Limit, (__stack - __Main_Stack_Size))

.isr_vector     0x08000000      0x330
 FILL mask 0xff
                0x08000000                __vectors_start = ABSOLUTE (.)
                0x08000000                __vectors_start__ = ABSOLUTE (.)
 *(.isr_vector)
 .isr_vector    0x08000000       0xec ./system/src/cmsis/vectors_stm32f103xb.o
                0x08000000                __isr_vectors
 *(.cfmconfig)
 *(.after_vectors .after_vectors.*)
 .after_vectors
                0x080000ec      0x114 ./system/src/newlib/startup.o
                0x080000ec                _start
 .after_vectors
                0x08000200      0x12c ./system/src/cortexm/exception-handlers.o
                0x08000200                Reset_Handler
                0x08000206                NMI_Handler
                0x0800020a                HardFault_Handler
                0x0800021e                HardFault_Handler_C
                0x0800027c                MemManage_Handler
                0x08000280                BusFault_Handler
                0x08000294                BusFault_Handler_C
                0x080002c8                UsageFault_Handler
                0x080002dc                UsageFault_Handler_C
                0x08000310                SVC_Handler
                0x08000314                DebugMon_Handler
                0x08000318                PendSV_Handler
 .after_vectors
                0x0800032c        0x4 ./system/src/cmsis/vectors_stm32f103xb.o
                0x0800032c                RTC_Alarm_IRQHandler
                0x0800032c                TIM1_CC_IRQHandler
                0x0800032c                PVD_IRQHandler
                0x0800032c                I2C2_EV_IRQHandler
                0x0800032c                ADC1_2_IRQHandler
                0x0800032c                SPI1_IRQHandler
                0x0800032c                TAMPER_IRQHandler
                0x0800032c                DMA1_Channel4_IRQHandler
                0x0800032c                USART3_IRQHandler
                0x0800032c                RTC_IRQHandler
                0x0800032c                DMA1_Channel7_IRQHandler
                0x0800032c                CAN1_RX1_IRQHandler
                0x0800032c                TIM4_IRQHandler
                0x0800032c                I2C1_EV_IRQHandler
                0x0800032c                DMA1_Channel6_IRQHandler
                0x0800032c                TIM3_IRQHandler
                0x0800032c                RCC_IRQHandler
                0x0800032c                TIM1_TRG_COM_IRQHandler
                0x0800032c                DMA1_Channel1_IRQHandler
                0x0800032c                Default_Handler
                0x0800032c                SPI2_IRQHandler
                0x0800032c                DMA1_Channel5_IRQHandler
                0x0800032c                USB_LP_CAN1_RX0_IRQHandler
                0x0800032c                USB_HP_CAN1_TX_IRQHandler
                0x0800032c                DMA1_Channel3_IRQHandler
                0x0800032c                TIM1_UP_IRQHandler
                0x0800032c                WWDG_IRQHandler
                0x0800032c                TIM1_BRK_IRQHandler
                0x0800032c                USART2_IRQHandler
                0x0800032c                I2C2_ER_IRQHandler
                0x0800032c                DMA1_Channel2_IRQHandler
                0x0800032c                CAN1_SCE_IRQHandler
                0x0800032c                FLASH_IRQHandler
                0x0800032c                USART1_IRQHandler
                0x0800032c                I2C1_ER_IRQHandler
                0x0800032c                USBWakeUp_IRQHandler

.inits          0x08000330       0x28
                0x08000330                __data_regions_array_start = .
                0x08000330        0x4 LONG 0x800242c LOADADDR (.data)
                0x08000334        0x4 LONG 0x20000000 ADDR (.data)
                0x08000338        0x4 LONG 0x200000a4 (ADDR (.data) + SIZEOF (.data))
                0x0800033c        0x4 LONG 0x800242c LOADADDR (.data_CCMRAM)
                0x08000340        0x4 LONG 0x0 ADDR (.data_CCMRAM)
                0x08000344        0x4 LONG 0x0 (ADDR (.data_CCMRAM) + SIZEOF (.data_CCMRAM))
                0x08000348                __data_regions_array_end = .
                0x08000348                __bss_regions_array_start = .
                0x08000348        0x4 LONG 0x200000a4 ADDR (.bss)
                0x0800034c        0x4 LONG 0x200005c0 (ADDR (.bss) + SIZEOF (.bss))
                0x08000350        0x4 LONG 0x0 ADDR (.bss_CCMRAM)
                0x08000354        0x4 LONG 0x0 (ADDR (.bss_CCMRAM) + SIZEOF (.bss_CCMRAM))
                0x08000358                __bss_regions_array_end = .
 *(.init)
 *(.fini)
                0x08000358                . = ALIGN (0x4)
                0x08000358                PROVIDE (__preinit_array_start, .)
 *(.preinit_array_sysinit .preinit_array_sysinit.*)
 *(.preinit_array_platform .preinit_array_platform.*)
 *(.preinit_array .preinit_array.*)
                0x08000358                PROVIDE (__preinit_array_end, .)
                0x08000358                . = ALIGN (0x4)
                0x08000358                PROVIDE (__init_array_start, .)
 *(SORT_BY_NAME(.init_array.*))
 *(.init_array)
                0x08000358                PROVIDE (__init_array_end, .)
                0x08000358                . = ALIGN (0x4)
                0x08000358                PROVIDE (__fini_array_start, .)
 *(SORT_BY_NAME(.fini_array.*))
 *(.fini_array)
                0x08000358                PROVIDE (__fini_array_end, .)

.flashtext
 *(.flashtext .flashtext.*)

.text           0x08000358     0x20d3
 *(.text .text.*)
 .text.HAL_InitTick
                0x08000358       0x4c ./system/src/stm32f1-hal/stm32f1xx_hal.o
                0x08000358                HAL_InitTick
 .text.HAL_Init
                0x080003a4       0x24 ./system/src/stm32f1-hal/stm32f1xx_hal.o
                0x080003a4                HAL_Init
 .text.HAL_NVIC_SetPriorityGrouping
                0x080003c8       0x3c ./system/src/stm32f1-hal/stm32f1xx_hal_cortex.o
                0x080003c8                HAL_NVIC_SetPriorityGrouping
 .text.HAL_NVIC_SetPriority
                0x08000404       0x8c ./system/src/stm32f1-hal/stm32f1xx_hal_cortex.o
                0x08000404                HAL_NVIC_SetPriority
 .text.HAL_SYSTICK_Config
                0x08000490       0x2c ./system/src/stm32f1-hal/stm32f1xx_hal_cortex.o
                0x08000490                HAL_SYSTICK_Config
 .text.HAL_SYSTICK_CLKSourceConfig
                0x080004bc       0x3c ./system/src/stm32f1-hal/stm32f1xx_hal_cortex.o
                0x080004bc                HAL_SYSTICK_CLKSourceConfig
 .text.HAL_RCC_GetHCLKFreq
                0x080004f8        0xc ./system/src/stm32f1-hal/stm32f1xx_hal_rcc.o
                0x080004f8                HAL_RCC_GetHCLKFreq
 .text._exit    0x08000504        0x2 ./system/src/newlib/exit.o
                0x08000504                _exit
 *fill*         0x08000506        0x2 
 .text._sbrk    0x08000508       0x44 ./system/src/newlib/sbrk.o
                0x08000508                _sbrk
 .text.__initialize_args
                0x0800054c       0x10 ./system/src/newlib/syscalls.o
                0x0800054c                __initialize_args
 .text._trace_write_semihosting_debug
                0x0800055c       0x60 ./system/src/diag/trace-impl.o
 .text.trace_write
                0x080005bc        0x8 ./system/src/diag/trace-impl.o
                0x080005bc                trace_write
 .text.trace_printf
                0x080005c4       0x30 ./system/src/diag/trace.o
                0x080005c4                trace_printf
 .text.dumpExceptionStack
                0x080005f4       0xf4 ./system/src/cortexm/exception-handlers.o
                0x080005f4                dumpExceptionStack
 .text.isSemihosting
                0x080006e8       0x20 ./system/src/cortexm/exception-handlers.o
                0x080006e8                isSemihosting
 .text.__initialize_hardware_early
                0x08000708       0x18 ./system/src/cortexm/initialize-hardware.o
                0x08000708                __initialize_hardware_early
 .text.SystemInit
                0x08000720        0x2 ./system/src/cmsis/system_stm32f1xx.o
                0x08000720                SystemInit
 *fill*         0x08000722        0x2 
 .text.SystemCoreClockUpdate
                0x08000724       0x94 ./system/src/cmsis/system_stm32f1xx.o
                0x08000724                SystemCoreClockUpdate
 .text.MAFIO_voidSetEXTIConfig
                0x080007b8       0x48 ./src/AFIO_prog.o
                0x080007b8                MAFIO_voidSetEXTIConfig
 .text._u8GetPendingFlag
                0x08000800       0x14 ./src/EXTI_prog.o
 .text._voidClearPendingFlag
                0x08000814       0x10 ./src/EXTI_prog.o
 .text.EXTI_voidUNMaskLine
                0x08000824       0x14 ./src/EXTI_prog.o
                0x08000824                EXTI_voidUNMaskLine
 .text.EXTI_voidSelectTriggerMode
                0x08000838       0x74 ./src/EXTI_prog.o
                0x08000838                EXTI_voidSelectTriggerMode
 .text.MEXTI_voidSetCallBack
                0x080008ac       0x10 ./src/EXTI_prog.o
                0x080008ac                MEXTI_voidSetCallBack
 .text.MEXTI_voidEnable
                0x080008bc       0x66 ./src/EXTI_prog.o
                0x080008bc                MEXTI_voidEnable
 *fill*         0x08000922        0x2 
 .text.EXTI0_IRQHandler
                0x08000924       0x14 ./src/EXTI_prog.o
                0x08000924                EXTI0_IRQHandler
 .text.EXTI1_IRQHandler
                0x08000938       0x14 ./src/EXTI_prog.o
                0x08000938                EXTI1_IRQHandler
 .text.EXTI2_IRQHandler
                0x0800094c       0x14 ./src/EXTI_prog.o
                0x0800094c                EXTI2_IRQHandler
 .text.EXTI3_IRQHandler
                0x08000960       0x14 ./src/EXTI_prog.o
                0x08000960                EXTI3_IRQHandler
 .text.EXTI4_IRQHandler
                0x08000974       0x14 ./src/EXTI_prog.o
                0x08000974                EXTI4_IRQHandler
 .text.EXTI9_5_IRQHandler
                0x08000988       0x30 ./src/EXTI_prog.o
                0x08000988                EXTI9_5_IRQHandler
 .text.EXTI15_10_IRQHandler
                0x080009b8       0x30 ./src/EXTI_prog.o
                0x080009b8                EXTI15_10_IRQHandler
 .text.MGPIO_voidSetPinDirection
                0x080009e8      0x310 ./src/GPIO_prog.o
                0x080009e8                MGPIO_voidSetPinDirection
 .text.MGPIO_voidSetPinValue
                0x08000cf8       0xd0 ./src/GPIO_prog.o
                0x08000cf8                MGPIO_voidSetPinValue
 .text._u8CheckSubFrameInversion
                0x08000dc8       0x56 ./src/IR_prog.o
 .text._u8CheckFrameStart
                0x08000e1e       0x24 ./src/IR_prog.o
 *fill*         0x08000e42        0x2 
 .text._u8CheckFrameRepeat
                0x08000e44       0x58 ./src/IR_prog.o
 .text._u8InterpetBitFrameNEC
                0x08000e9c       0x34 ./src/IR_prog.o
 .text._u8GetFrameData
                0x08000ed0       0x96 ./src/IR_prog.o
 *fill*         0x08000f66        0x2 
 .text.HIR_voidReceiveFrameNEC
                0x08000f68       0x88 ./src/IR_prog.o
                0x08000f68                HIR_voidReceiveFrameNEC
 .text._voidTimeOutHandler
                0x08000ff0       0x9c ./src/IR_prog.o
 .text._voidCopyFrame
                0x0800108c       0x6c ./src/IR_prog.o
 .text.HIR_voidEnable
                0x080010f8       0x44 ./src/IR_prog.o
                0x080010f8                HIR_voidEnable
 .text.HIR_u8FrameCheckNEC
                0x0800113c       0x94 ./src/IR_prog.o
                0x0800113c                HIR_u8FrameCheckNEC
 .text.HIR_voidResetFrameBuffer
                0x080011d0       0x1c ./src/IR_prog.o
                0x080011d0                HIR_voidResetFrameBuffer
 .text.HIR_u8ExtractDataFromBuffer
                0x080011ec      0x168 ./src/IR_prog.o
                0x080011ec                HIR_u8ExtractDataFromBuffer
 .text.HLEDMRX_voidEnableRow
                0x08001354       0x1c ./src/LEDMRX_prog.o
                0x08001354                HLEDMRX_voidEnableRow
 .text.HLEDMRX_voidDisableRow
                0x08001370       0x1c ./src/LEDMRX_prog.o
                0x08001370                HLEDMRX_voidDisableRow
 .text.HLEDMRX_voidEnableColumn
                0x0800138c       0x1c ./src/LEDMRX_prog.o
                0x0800138c                HLEDMRX_voidEnableColumn
 .text.HLEDMRX_voidDisableAllRow
                0x080013a8       0x28 ./src/LEDMRX_prog.o
                0x080013a8                HLEDMRX_voidDisableAllRow
 .text.HLEDMRX_voidDisableAllColumn
                0x080013d0       0x28 ./src/LEDMRX_prog.o
                0x080013d0                HLEDMRX_voidDisableAllColumn
 .text.HLEDMRX_voidInit
                0x080013f8       0x58 ./src/LEDMRX_prog.o
                0x080013f8                HLEDMRX_voidInit
 .text.HLEDMRX_voidDisplay
                0x08001450       0x5e ./src/LEDMRX_prog.o
                0x08001450                HLEDMRX_voidDisplay
 .text.MNVIC_voidEnableInterrupt
                0x080014ae       0x1c ./src/NVIC_prog.o
                0x080014ae                MNVIC_voidEnableInterrupt
 *fill*         0x080014ca        0x2 
 .text.MNVIC_voidInit
                0x080014cc       0x10 ./src/NVIC_prog.o
                0x080014cc                MNVIC_voidInit
 .text.MRCC_voidEnableClock
                0x080014dc       0x4c ./src/RCC_program.o
                0x080014dc                MRCC_voidEnableClock
 .text.MRCC_voidInitSysClock
                0x08001528       0x14 ./src/RCC_program.o
                0x08001528                MRCC_voidInitSysClock
 .text.MSTK_voidInit
                0x0800153c        0xc ./src/STK_prog.o
                0x0800153c                MSTK_voidInit
 .text.MSTK_voidSetIntervalSingle
                0x08001548       0x44 ./src/STK_prog.o
                0x08001548                MSTK_voidSetIntervalSingle
 .text.MSTK_u32GetElapsedTime
                0x0800158c       0x10 ./src/STK_prog.o
                0x0800158c                MSTK_u32GetElapsedTime
 .text.SysTick_Handler
                0x0800159c       0x48 ./src/STK_prog.o
                0x0800159c                SysTick_Handler
 .text.MTIMR2to5_voidInit
                0x080015e4       0x2c ./src/TIMER2to5_prog.o
                0x080015e4                MTIMR2to5_voidInit
 .text.MTIMR2to5_voidSetBusyWait
                0x08001610       0x68 ./src/TIMER2to5_prog.o
                0x08001610                MTIMR2to5_voidSetBusyWait
 .text.TIM2_IRQHandler
                0x08001678       0x28 ./src/TIMER2to5_prog.o
                0x08001678                TIM2_IRQHandler
 .text.SystemClock_Config
                0x080016a0       0x20 ./src/initialize-hardware.o
                0x080016a0                SystemClock_Config
 .text.__initialize_hardware
                0x080016c0       0x10 ./src/initialize-hardware.o
                0x080016c0                __initialize_hardware
 .text.assert_failed
                0x080016d0       0x14 ./src/initialize-hardware.o
                0x080016d0                assert_failed
 .text.App_voidReadAndReact
                0x080016e4       0x98 ./src/main.o
 .text.vid_clearBuffer
                0x0800177c       0x38 ./src/main.o
                0x0800177c                vid_clearBuffer
 .text.main     0x080017b4      0x1f0 ./src/main.o
                0x080017b4                main
 .text.HAL_MspInit
                0x080019a4        0x2 ./src/stm32f1xx_hal_msp.o
                0x080019a4                HAL_MspInit
 *fill*         0x080019a6        0x2 
 .text.__errno  0x080019a8        0xc d:/embedded/imt_arm/02-tools_novirus/03-eclipse sdk/good to go/eclipse-embedcpp-2021-03-r-win32-x86_64/armgcc/bin/../lib/gcc/arm-none-eabi/7.2.1/../../../../arm-none-eabi/lib/thumb/v7-m\libg_nano.a(lib_a-errno.o)
                0x080019a8                __errno
 .text.memcpy   0x080019b4       0x16 d:/embedded/imt_arm/02-tools_novirus/03-eclipse sdk/good to go/eclipse-embedcpp-2021-03-r-win32-x86_64/armgcc/bin/../lib/gcc/arm-none-eabi/7.2.1/../../../../arm-none-eabi/lib/thumb/v7-m\libg_nano.a(lib_a-memcpy-stub.o)
                0x080019b4                memcpy
 .text.memset   0x080019ca       0x10 d:/embedded/imt_arm/02-tools_novirus/03-eclipse sdk/good to go/eclipse-embedcpp-2021-03-r-win32-x86_64/armgcc/bin/../lib/gcc/arm-none-eabi/7.2.1/../../../../arm-none-eabi/lib/thumb/v7-m\libg_nano.a(lib_a-memset.o)
                0x080019ca                memset
 .text._vsnprintf_r
                0x080019da       0x58 d:/embedded/imt_arm/02-tools_novirus/03-eclipse sdk/good to go/eclipse-embedcpp-2021-03-r-win32-x86_64/armgcc/bin/../lib/gcc/arm-none-eabi/7.2.1/../../../../arm-none-eabi/lib/thumb/v7-m\libg_nano.a(lib_a-vsnprintf.o)
                0x080019da                _vsniprintf_r
                0x080019da                _vsnprintf_r
 *fill*         0x08001a32        0x2 
 .text.vsnprintf
                0x08001a34       0x1c d:/embedded/imt_arm/02-tools_novirus/03-eclipse sdk/good to go/eclipse-embedcpp-2021-03-r-win32-x86_64/armgcc/bin/../lib/gcc/arm-none-eabi/7.2.1/../../../../arm-none-eabi/lib/thumb/v7-m\libg_nano.a(lib_a-vsnprintf.o)
                0x08001a34                vsniprintf
                0x08001a34                vsnprintf
 .text.__ssputs_r
                0x08001a50       0xb4 d:/embedded/imt_arm/02-tools_novirus/03-eclipse sdk/good to go/eclipse-embedcpp-2021-03-r-win32-x86_64/armgcc/bin/../lib/gcc/arm-none-eabi/7.2.1/../../../../arm-none-eabi/lib/thumb/v7-m\libg_nano.a(lib_a-nano-svfprintf.o)
                0x08001a50                __ssputs_r
 .text._svfprintf_r
                0x08001b04      0x1ec d:/embedded/imt_arm/02-tools_novirus/03-eclipse sdk/good to go/eclipse-embedcpp-2021-03-r-win32-x86_64/armgcc/bin/../lib/gcc/arm-none-eabi/7.2.1/../../../../arm-none-eabi/lib/thumb/v7-m\libg_nano.a(lib_a-nano-svfprintf.o)
                0x08001b04                _svfiprintf_r
                0x08001b04                _svfprintf_r
 .text._printf_common
                0x08001cf0       0xec d:/embedded/imt_arm/02-tools_novirus/03-eclipse sdk/good to go/eclipse-embedcpp-2021-03-r-win32-x86_64/armgcc/bin/../lib/gcc/arm-none-eabi/7.2.1/../../../../arm-none-eabi/lib/thumb/v7-m\libg_nano.a(lib_a-nano-vfprintf_i.o)
                0x08001cf0                _printf_common
 .text._printf_i
                0x08001ddc      0x224 d:/embedded/imt_arm/02-tools_novirus/03-eclipse sdk/good to go/eclipse-embedcpp-2021-03-r-win32-x86_64/armgcc/bin/../lib/gcc/arm-none-eabi/7.2.1/../../../../arm-none-eabi/lib/thumb/v7-m\libg_nano.a(lib_a-nano-vfprintf_i.o)
                0x08001ddc                _printf_i
 .text.memchr   0x08002000       0x1c d:/embedded/imt_arm/02-tools_novirus/03-eclipse sdk/good to go/eclipse-embedcpp-2021-03-r-win32-x86_64/armgcc/bin/../lib/gcc/arm-none-eabi/7.2.1/../../../../arm-none-eabi/lib/thumb/v7-m\libg_nano.a(lib_a-memchr-stub.o)
                0x08002000                memchr
 .text.memmove  0x0800201c       0x32 d:/embedded/imt_arm/02-tools_novirus/03-eclipse sdk/good to go/eclipse-embedcpp-2021-03-r-win32-x86_64/armgcc/bin/../lib/gcc/arm-none-eabi/7.2.1/../../../../arm-none-eabi/lib/thumb/v7-m\libg_nano.a(lib_a-memmove.o)
                0x0800201c                memmove
 *fill*         0x0800204e        0x2 
 .text._free_r  0x08002050       0x98 d:/embedded/imt_arm/02-tools_novirus/03-eclipse sdk/good to go/eclipse-embedcpp-2021-03-r-win32-x86_64/armgcc/bin/../lib/gcc/arm-none-eabi/7.2.1/../../../../arm-none-eabi/lib/thumb/v7-m\libg_nano.a(lib_a-nano-freer.o)
                0x08002050                _free_r
 .text._malloc_r
                0x080020e8       0xb4 d:/embedded/imt_arm/02-tools_novirus/03-eclipse sdk/good to go/eclipse-embedcpp-2021-03-r-win32-x86_64/armgcc/bin/../lib/gcc/arm-none-eabi/7.2.1/../../../../arm-none-eabi/lib/thumb/v7-m\libg_nano.a(lib_a-nano-mallocr.o)
                0x080020e8                _malloc_r
 .text._realloc_r
                0x0800219c       0x4c d:/embedded/imt_arm/02-tools_novirus/03-eclipse sdk/good to go/eclipse-embedcpp-2021-03-r-win32-x86_64/armgcc/bin/../lib/gcc/arm-none-eabi/7.2.1/../../../../arm-none-eabi/lib/thumb/v7-m\libg_nano.a(lib_a-nano-reallocr.o)
                0x0800219c                _realloc_r
 .text._sbrk_r  0x080021e8       0x20 d:/embedded/imt_arm/02-tools_novirus/03-eclipse sdk/good to go/eclipse-embedcpp-2021-03-r-win32-x86_64/armgcc/bin/../lib/gcc/arm-none-eabi/7.2.1/../../../../arm-none-eabi/lib/thumb/v7-m\libg_nano.a(lib_a-sbrkr.o)
                0x080021e8                _sbrk_r
 .text.__malloc_lock
                0x08002208        0x2 d:/embedded/imt_arm/02-tools_novirus/03-eclipse sdk/good to go/eclipse-embedcpp-2021-03-r-win32-x86_64/armgcc/bin/../lib/gcc/arm-none-eabi/7.2.1/../../../../arm-none-eabi/lib/thumb/v7-m\libg_nano.a(lib_a-mlock.o)
                0x08002208                __malloc_lock
 .text.__malloc_unlock
                0x0800220a        0x2 d:/embedded/imt_arm/02-tools_novirus/03-eclipse sdk/good to go/eclipse-embedcpp-2021-03-r-win32-x86_64/armgcc/bin/../lib/gcc/arm-none-eabi/7.2.1/../../../../arm-none-eabi/lib/thumb/v7-m\libg_nano.a(lib_a-mlock.o)
                0x0800220a                __malloc_unlock
 .text._malloc_usable_size_r
                0x0800220c       0x10 d:/embedded/imt_arm/02-tools_novirus/03-eclipse sdk/good to go/eclipse-embedcpp-2021-03-r-win32-x86_64/armgcc/bin/../lib/gcc/arm-none-eabi/7.2.1/../../../../arm-none-eabi/lib/thumb/v7-m\libg_nano.a(lib_a-nano-msizer.o)
                0x0800220c                _malloc_usable_size_r
 *(.rodata .rodata.* .constdata .constdata.*)
 .rodata.HAL_NVIC_SetPriorityGrouping.str1.4
                0x0800221c       0x31 ./system/src/stm32f1-hal/stm32f1xx_hal_cortex.o
 *fill*         0x0800224d        0x3 
 .rodata.dumpExceptionStack.str1.4
                0x08002250      0x11a ./system/src/cortexm/exception-handlers.o
 *fill*         0x0800236a        0x2 
 .rodata.str1.4
                0x0800236c       0x2a ./system/src/cortexm/exception-handlers.o
 *fill*         0x08002396        0x2 
 .rodata.AHBPrescTable
                0x08002398       0x10 ./system/src/cmsis/system_stm32f1xx.o
                0x08002398                AHBPrescTable
 .rodata.Column_u8ArrayPIN
                0x080023a8        0x8 ./src/LEDMRX_prog.o
 .rodata.Column_u8ArrayPORT
                0x080023b0        0x8 ./src/LEDMRX_prog.o
 .rodata.Row_u8ArrayPIN
                0x080023b8        0x8 ./src/LEDMRX_prog.o
 .rodata.Row_u8ArrayPORT
                0x080023c0        0x8 ./src/LEDMRX_prog.o
 .rodata.assert_failed.str1.4
                0x080023c8       0x30 ./src/initialize-hardware.o
                                 0x2d (size before relaxing)
 .rodata._svfprintf_r.str1.1
                0x080023f8       0x11 d:/embedded/imt_arm/02-tools_novirus/03-eclipse sdk/good to go/eclipse-embedcpp-2021-03-r-win32-x86_64/armgcc/bin/../lib/gcc/arm-none-eabi/7.2.1/../../../../arm-none-eabi/lib/thumb/v7-m\libg_nano.a(lib_a-nano-svfprintf.o)
 .rodata._printf_i.str1.1
                0x08002409       0x22 d:/embedded/imt_arm/02-tools_novirus/03-eclipse sdk/good to go/eclipse-embedcpp-2021-03-r-win32-x86_64/armgcc/bin/../lib/gcc/arm-none-eabi/7.2.1/../../../../arm-none-eabi/lib/thumb/v7-m\libg_nano.a(lib_a-nano-vfprintf_i.o)
 *(vtable)
 *(.eh_frame*)
 *(.glue_7)
 .glue_7        0x0800242b        0x0 linker stubs
 *(.glue_7t)
 .glue_7t       0x0800242b        0x0 linker stubs

.vfp11_veneer   0x0800242c        0x0
 .vfp11_veneer  0x0800242c        0x0 linker stubs

.v4_bx          0x0800242c        0x0
 .v4_bx         0x0800242c        0x0 linker stubs

.iplt           0x0800242c        0x0
 .iplt          0x0800242c        0x0 ./system/src/stm32f1-hal/stm32f1xx_hal.o

.rel.dyn        0x0800242c        0x0
 .rel.iplt      0x0800242c        0x0 ./system/src/stm32f1-hal/stm32f1xx_hal.o

.ARM.extab
 *(.ARM.extab* .gnu.linkonce.armextab.*)
                0x0800242c                . = ALIGN (0x4)
                0x0800242c                __exidx_start = .

.ARM.exidx
 *(.ARM.exidx* .gnu.linkonce.armexidx.*)
                0x0800242c                __exidx_end = .
                0x0800242c                . = ALIGN (0x4)
                0x0800242c                _etext = .
                0x0800242c                __etext = .

.data_CCMRAM    0x00000000        0x0 load address 0x0800242c
 FILL mask 0xff
 *(.data.CCMRAM .data.CCMRAM.*)
                0x00000000                . = ALIGN (0x4)
                0x0800242c                _sidata = LOADADDR (.data)

.data           0x20000000       0xa4 load address 0x0800242c
 FILL mask 0xff
                0x20000000                _sdata = .
                0x20000000                __data_start__ = .
 *(.data_begin .data_begin.*)
 .data_begin    0x20000000        0x4 ./system/src/newlib/startup.o
 *(.data .data.*)
 .data.uwTickFreq
                0x20000004        0x1 ./system/src/stm32f1-hal/stm32f1xx_hal.o
                0x20000004                uwTickFreq
 *fill*         0x20000005        0x3 ff
 .data.uwTickPrio
                0x20000008        0x4 ./system/src/stm32f1-hal/stm32f1xx_hal.o
                0x20000008                uwTickPrio
 .data.argv.4310
                0x2000000c        0x8 ./system/src/newlib/syscalls.o
 .data.SystemCoreClock
                0x20000014        0x4 ./system/src/cmsis/system_stm32f1xx.o
                0x20000014                SystemCoreClock
 .data.localstaticFirstTimeOverflow.4275
                0x20000018        0x1 ./src/IR_prog.o
 *fill*         0x20000019        0x3 ff
 .data.TIMx     0x2000001c       0x10 ./src/TIMER2to5_prog.o
                0x2000001c                TIMx
 .data.LEDMRX_M
                0x2000002c        0x8 ./src/main.o
                0x2000002c                LEDMRX_M
 .data.LEDMRX_P
                0x20000034        0x8 ./src/main.o
                0x20000034                LEDMRX_P
 .data._impure_ptr
                0x2000003c        0x4 d:/embedded/imt_arm/02-tools_novirus/03-eclipse sdk/good to go/eclipse-embedcpp-2021-03-r-win32-x86_64/armgcc/bin/../lib/gcc/arm-none-eabi/7.2.1/../../../../arm-none-eabi/lib/thumb/v7-m\libg_nano.a(lib_a-impure.o)
                0x2000003c                _impure_ptr
 .data.impure_data
                0x20000040       0x60 d:/embedded/imt_arm/02-tools_novirus/03-eclipse sdk/good to go/eclipse-embedcpp-2021-03-r-win32-x86_64/armgcc/bin/../lib/gcc/arm-none-eabi/7.2.1/../../../../arm-none-eabi/lib/thumb/v7-m\libg_nano.a(lib_a-impure.o)
 *(.data_end .data_end.*)
 .data_end      0x200000a0        0x4 ./system/src/newlib/startup.o
                0x200000a4                . = ALIGN (0x4)
                0x200000a4                _edata = .
                0x200000a4                __data_end__ = .

.igot.plt       0x200000a4        0x0 load address 0x080024d0
 .igot.plt      0x200000a4        0x0 ./system/src/stm32f1-hal/stm32f1xx_hal.o

.bss_CCMRAM     0x00000000        0x0
 *(.bss.CCMRAM .bss.CCMRAM.*)

.bss            0x200000a4      0x51c
                0x200000a4                __bss_start__ = .
                0x200000a4                _sbss = .
 *(.bss_begin .bss_begin.*)
 .bss_begin     0x200000a4        0x4 ./system/src/newlib/startup.o
 *(.bss .bss.*)
 .bss.current_heap_end.3961
                0x200000a8        0x4 ./system/src/newlib/sbrk.o
 .bss.name.4309
                0x200000ac        0x1 ./system/src/newlib/syscalls.o
 *fill*         0x200000ad        0x3 
 .bss.buf.5205  0x200000b0       0x80 ./system/src/diag/trace.o
 .bss.MEXTIArrayPtrCallBacks
                0x20000130       0x40 ./src/EXTI_prog.o
 .bss.global_u8IRInterruptVirginityFlag
                0x20000170        0x1 ./src/IR_prog.o
                0x20000170                global_u8IRInterruptVirginityFlag
 .bss.global_u8OverFlowFlag
                0x20000171        0x1 ./src/IR_prog.o
                0x20000171                global_u8OverFlowFlag
 .bss.local_staticCurrentBufferIndex.4236
                0x20000172        0x1 ./src/IR_prog.o
 .bss.local_staticSetOverflowNext.4230
                0x20000173        0x1 ./src/IR_prog.o
 .bss.local_u32StaticPtrBuffer.4238
                0x20000174        0x4 ./src/IR_prog.o
 .bss.local_u8StaticDataExtractedFlag.4237
                0x20000178        0x1 ./src/IR_prog.o
 *fill*         0x20000179        0x3 
 .bss.MSTK_CallBack
                0x2000017c        0x4 ./src/STK_prog.o
 .bss.MSTK_u8ModeOfInterval
                0x20000180        0x1 ./src/STK_prog.o
 .bss.LastData.3861
                0x20000181        0x1 ./src/main.o
 *fill*         0x20000182        0x2 
 .bss.ToBeRepresented
                0x20000184       0x28 ./src/main.o
                0x20000184                ToBeRepresented
 .bss.k         0x200001ac        0x1 ./src/main.o
                0x200001ac                k
 *fill*         0x200001ad        0x3 
 .bss.__malloc_free_list
                0x200001b0        0x4 d:/embedded/imt_arm/02-tools_novirus/03-eclipse sdk/good to go/eclipse-embedcpp-2021-03-r-win32-x86_64/armgcc/bin/../lib/gcc/arm-none-eabi/7.2.1/../../../../arm-none-eabi/lib/thumb/v7-m\libg_nano.a(lib_a-nano-mallocr.o)
                0x200001b0                __malloc_free_list
 .bss.__malloc_sbrk_start
                0x200001b4        0x4 d:/embedded/imt_arm/02-tools_novirus/03-eclipse sdk/good to go/eclipse-embedcpp-2021-03-r-win32-x86_64/armgcc/bin/../lib/gcc/arm-none-eabi/7.2.1/../../../../arm-none-eabi/lib/thumb/v7-m\libg_nano.a(lib_a-nano-mallocr.o)
                0x200001b4                __malloc_sbrk_start
 *(COMMON)
 COMMON         0x200001b8        0x4 ./system/src/newlib/syscalls.o
                0x200001b8                errno
 COMMON         0x200001bc      0x400 ./src/IR_prog.o
                0x200001bc                global_irDataCounterRelative
                0x200001bd                global_u8IRFrameReceivedFlag
                0x200001be                global_irDataCounter
                0x200001c0                global_u32IRArrSignalTime
 *(.bss_end .bss_end.*)
 .bss_end       0x200005bc        0x4 ./system/src/newlib/startup.o
                0x200005c0                . = ALIGN (0x4)
                0x200005c0                __bss_end__ = .
                0x200005c0                _ebss = .

.noinit_CCMRAM
 *(.noinit.CCMRAM .noinit.CCMRAM.*)

.noinit         0x200005c0        0x0
                0x200005c0                _noinit = .
 *(.noinit .noinit.*)
                0x200005c0                . = ALIGN (0x4)
                0x200005c0                _end_noinit = .
                [!provide]                PROVIDE (end, _end_noinit)
                [!provide]                PROVIDE (_end, _end_noinit)
                [!provide]                PROVIDE (__end, _end_noinit)
                [!provide]                PROVIDE (__end__, _end_noinit)

._check_stack   0x200005c0      0x100
                0x200006c0                . = (. + _Minimum_Stack_Size)
 *fill*         0x200005c0      0x100 

.b1text
 *(.b1text)
 *(.b1rodata)
 *(.b1rodata.*)

.eb0text
 *(.eb0text)
 *(.eb0rodata)
 *(.eb0rodata.*)

.eb1text
 *(.eb1text)
 *(.eb1rodata)
 *(.eb1rodata.*)

.eb2text
 *(.eb2text)
 *(.eb2rodata)
 *(.eb2rodata.*)

.eb3text
 *(.eb3text)
 *(.eb3rodata)
 *(.eb3rodata.*)

.stab
 *(.stab)

.stabstr
 *(.stabstr)

.stab.excl
 *(.stab.excl)

.stab.exclstr
 *(.stab.exclstr)

.stab.index
 *(.stab.index)

.stab.indexstr
 *(.stab.indexstr)

.comment        0x00000000       0x7e
 *(.comment)
 .comment       0x00000000       0x7e ./system/src/stm32f1-hal/stm32f1xx_hal.o
                                 0x7f (size before relaxing)
 .comment       0x0000007e       0x7f ./system/src/stm32f1-hal/stm32f1xx_hal_cortex.o
 .comment       0x0000007e       0x7f ./system/src/stm32f1-hal/stm32f1xx_hal_rcc.o
 .comment       0x0000007e       0x7f ./system/src/newlib/exit.o
 .comment       0x0000007e       0x7f ./system/src/newlib/sbrk.o
 .comment       0x0000007e       0x7f ./system/src/newlib/startup.o
 .comment       0x0000007e       0x7f ./system/src/newlib/syscalls.o
 .comment       0x0000007e       0x7f ./system/src/diag/trace-impl.o
 .comment       0x0000007e       0x7f ./system/src/diag/trace.o
 .comment       0x0000007e       0x7f ./system/src/cortexm/exception-handlers.o
 .comment       0x0000007e       0x7f ./system/src/cortexm/initialize-hardware.o
 .comment       0x0000007e       0x7f ./system/src/cmsis/system_stm32f1xx.o
 .comment       0x0000007e       0x7f ./system/src/cmsis/vectors_stm32f103xb.o
 .comment       0x0000007e       0x7f ./src/AFIO_prog.o
 .comment       0x0000007e       0x7f ./src/EXTI_prog.o
 .comment       0x0000007e       0x7f ./src/GPIO_prog.o
 .comment       0x0000007e       0x7f ./src/IR_prog.o
 .comment       0x0000007e       0x7f ./src/LEDMRX_prog.o
 .comment       0x0000007e       0x7f ./src/NVIC_prog.o
 .comment       0x0000007e       0x7f ./src/RCC_program.o
 .comment       0x0000007e       0x7f ./src/STK_prog.o
 .comment       0x0000007e       0x7f ./src/TIMER2to5_prog.o
 .comment       0x0000007e       0x7f ./src/initialize-hardware.o
 .comment       0x0000007e       0x7f ./src/main.o
 .comment       0x0000007e       0x7f ./src/stm32f1xx_hal_msp.o

.ARM.attributes
                0x00000000       0x31
 .ARM.attributes
                0x00000000       0x33 ./system/src/stm32f1-hal/stm32f1xx_hal.o
 .ARM.attributes
                0x00000033       0x33 ./system/src/stm32f1-hal/stm32f1xx_hal_cortex.o
 .ARM.attributes
                0x00000066       0x33 ./system/src/stm32f1-hal/stm32f1xx_hal_rcc.o
 .ARM.attributes
                0x00000099       0x33 ./system/src/newlib/exit.o
 .ARM.attributes
                0x000000cc       0x33 ./system/src/newlib/sbrk.o
 .ARM.attributes
                0x000000ff       0x33 ./system/src/newlib/startup.o
 .ARM.attributes
                0x00000132       0x33 ./system/src/newlib/syscalls.o
 .ARM.attributes
                0x00000165       0x33 ./system/src/diag/trace-impl.o
 .ARM.attributes
                0x00000198       0x33 ./system/src/diag/trace.o
 .ARM.attributes
                0x000001cb       0x33 ./system/src/cortexm/exception-handlers.o
 .ARM.attributes
                0x000001fe       0x33 ./system/src/cortexm/initialize-hardware.o
 .ARM.attributes
                0x00000231       0x33 ./system/src/cmsis/system_stm32f1xx.o
 .ARM.attributes
                0x00000264       0x33 ./system/src/cmsis/vectors_stm32f103xb.o
 .ARM.attributes
                0x00000297       0x33 ./src/AFIO_prog.o
 .ARM.attributes
                0x000002ca       0x33 ./src/EXTI_prog.o
 .ARM.attributes
                0x000002fd       0x33 ./src/GPIO_prog.o
 .ARM.attributes
                0x00000330       0x33 ./src/IR_prog.o
 .ARM.attributes
                0x00000363       0x33 ./src/LEDMRX_prog.o
 .ARM.attributes
                0x00000396       0x33 ./src/NVIC_prog.o
 .ARM.attributes
                0x000003c9       0x33 ./src/RCC_program.o
 .ARM.attributes
                0x000003fc       0x33 ./src/STK_prog.o
 .ARM.attributes
                0x0000042f       0x33 ./src/TIMER2to5_prog.o
 .ARM.attributes
                0x00000462       0x33 ./src/initialize-hardware.o
 .ARM.attributes
                0x00000495       0x33 ./src/main.o
 .ARM.attributes
                0x000004c8       0x33 ./src/stm32f1xx_hal_msp.o
 .ARM.attributes
                0x000004fb       0x2d d:/embedded/imt_arm/02-tools_novirus/03-eclipse sdk/good to go/eclipse-embedcpp-2021-03-r-win32-x86_64/armgcc/bin/../lib/gcc/arm-none-eabi/7.2.1/../../../../arm-none-eabi/lib/thumb/v7-m\libg_nano.a(lib_a-errno.o)
 .ARM.attributes
                0x00000528       0x2d d:/embedded/imt_arm/02-tools_novirus/03-eclipse sdk/good to go/eclipse-embedcpp-2021-03-r-win32-x86_64/armgcc/bin/../lib/gcc/arm-none-eabi/7.2.1/../../../../arm-none-eabi/lib/thumb/v7-m\libg_nano.a(lib_a-impure.o)
 .ARM.attributes
                0x00000555       0x2d d:/embedded/imt_arm/02-tools_novirus/03-eclipse sdk/good to go/eclipse-embedcpp-2021-03-r-win32-x86_64/armgcc/bin/../lib/gcc/arm-none-eabi/7.2.1/../../../../arm-none-eabi/lib/thumb/v7-m\libg_nano.a(lib_a-memcpy-stub.o)
 .ARM.attributes
                0x00000582       0x2d d:/embedded/imt_arm/02-tools_novirus/03-eclipse sdk/good to go/eclipse-embedcpp-2021-03-r-win32-x86_64/armgcc/bin/../lib/gcc/arm-none-eabi/7.2.1/../../../../arm-none-eabi/lib/thumb/v7-m\libg_nano.a(lib_a-memset.o)
 .ARM.attributes
                0x000005af       0x2d d:/embedded/imt_arm/02-tools_novirus/03-eclipse sdk/good to go/eclipse-embedcpp-2021-03-r-win32-x86_64/armgcc/bin/../lib/gcc/arm-none-eabi/7.2.1/../../../../arm-none-eabi/lib/thumb/v7-m\libg_nano.a(lib_a-vsnprintf.o)
 .ARM.attributes
                0x000005dc       0x2d d:/embedded/imt_arm/02-tools_novirus/03-eclipse sdk/good to go/eclipse-embedcpp-2021-03-r-win32-x86_64/armgcc/bin/../lib/gcc/arm-none-eabi/7.2.1/../../../../arm-none-eabi/lib/thumb/v7-m\libg_nano.a(lib_a-nano-svfprintf.o)
 .ARM.attributes
                0x00000609       0x2d d:/embedded/imt_arm/02-tools_novirus/03-eclipse sdk/good to go/eclipse-embedcpp-2021-03-r-win32-x86_64/armgcc/bin/../lib/gcc/arm-none-eabi/7.2.1/../../../../arm-none-eabi/lib/thumb/v7-m\libg_nano.a(lib_a-nano-vfprintf_i.o)
 .ARM.attributes
                0x00000636       0x2d d:/embedded/imt_arm/02-tools_novirus/03-eclipse sdk/good to go/eclipse-embedcpp-2021-03-r-win32-x86_64/armgcc/bin/../lib/gcc/arm-none-eabi/7.2.1/../../../../arm-none-eabi/lib/thumb/v7-m\libg_nano.a(lib_a-memchr-stub.o)
 .ARM.attributes
                0x00000663       0x2d d:/embedded/imt_arm/02-tools_novirus/03-eclipse sdk/good to go/eclipse-embedcpp-2021-03-r-win32-x86_64/armgcc/bin/../lib/gcc/arm-none-eabi/7.2.1/../../../../arm-none-eabi/lib/thumb/v7-m\libg_nano.a(lib_a-memmove.o)
 .ARM.attributes
                0x00000690       0x2d d:/embedded/imt_arm/02-tools_novirus/03-eclipse sdk/good to go/eclipse-embedcpp-2021-03-r-win32-x86_64/armgcc/bin/../lib/gcc/arm-none-eabi/7.2.1/../../../../arm-none-eabi/lib/thumb/v7-m\libg_nano.a(lib_a-nano-freer.o)
 .ARM.attributes
                0x000006bd       0x2d d:/embedded/imt_arm/02-tools_novirus/03-eclipse sdk/good to go/eclipse-embedcpp-2021-03-r-win32-x86_64/armgcc/bin/../lib/gcc/arm-none-eabi/7.2.1/../../../../arm-none-eabi/lib/thumb/v7-m\libg_nano.a(lib_a-nano-mallocr.o)
 .ARM.attributes
                0x000006ea       0x2d d:/embedded/imt_arm/02-tools_novirus/03-eclipse sdk/good to go/eclipse-embedcpp-2021-03-r-win32-x86_64/armgcc/bin/../lib/gcc/arm-none-eabi/7.2.1/../../../../arm-none-eabi/lib/thumb/v7-m\libg_nano.a(lib_a-nano-reallocr.o)
 .ARM.attributes
                0x00000717       0x2d d:/embedded/imt_arm/02-tools_novirus/03-eclipse sdk/good to go/eclipse-embedcpp-2021-03-r-win32-x86_64/armgcc/bin/../lib/gcc/arm-none-eabi/7.2.1/../../../../arm-none-eabi/lib/thumb/v7-m\libg_nano.a(lib_a-sbrkr.o)
 .ARM.attributes
                0x00000744       0x2d d:/embedded/imt_arm/02-tools_novirus/03-eclipse sdk/good to go/eclipse-embedcpp-2021-03-r-win32-x86_64/armgcc/bin/../lib/gcc/arm-none-eabi/7.2.1/../../../../arm-none-eabi/lib/thumb/v7-m\libg_nano.a(lib_a-mlock.o)
 .ARM.attributes
                0x00000771       0x2d d:/embedded/imt_arm/02-tools_novirus/03-eclipse sdk/good to go/eclipse-embedcpp-2021-03-r-win32-x86_64/armgcc/bin/../lib/gcc/arm-none-eabi/7.2.1/../../../../arm-none-eabi/lib/thumb/v7-m\libg_nano.a(lib_a-nano-msizer.o)

.debug
 *(.debug)

.line
 *(.line)

.debug_srcinfo
 *(.debug_srcinfo)

.debug_sfnames
 *(.debug_sfnames)

.debug_aranges  0x00000000      0x7b0
 *(.debug_aranges)
 .debug_aranges
                0x00000000       0xe0 ./system/src/stm32f1-hal/stm32f1xx_hal.o
 .debug_aranges
                0x000000e0       0x90 ./system/src/stm32f1-hal/stm32f1xx_hal_cortex.o
 .debug_aranges
                0x00000170       0x90 ./system/src/stm32f1-hal/stm32f1xx_hal_rcc.o
 .debug_aranges
                0x00000200       0x28 ./system/src/newlib/exit.o
 .debug_aranges
                0x00000228       0x20 ./system/src/newlib/sbrk.o
 .debug_aranges
                0x00000248       0x40 ./system/src/newlib/startup.o
 .debug_aranges
                0x00000288       0x30 ./system/src/newlib/syscalls.o
 .debug_aranges
                0x000002b8       0x30 ./system/src/diag/trace-impl.o
 .debug_aranges
                0x000002e8       0x38 ./system/src/diag/trace.o
 .debug_aranges
                0x00000320       0x90 ./system/src/cortexm/exception-handlers.o
 .debug_aranges
                0x000003b0       0x28 ./system/src/cortexm/initialize-hardware.o
 .debug_aranges
                0x000003d8       0x28 ./system/src/cmsis/system_stm32f1xx.o
 .debug_aranges
                0x00000400       0x20 ./system/src/cmsis/vectors_stm32f103xb.o
 .debug_aranges
                0x00000420       0x20 ./src/AFIO_prog.o
 .debug_aranges
                0x00000440       0x98 ./src/EXTI_prog.o
 .debug_aranges
                0x000004d8       0x58 ./src/GPIO_prog.o
 .debug_aranges
                0x00000530       0x78 ./src/IR_prog.o
 .debug_aranges
                0x000005a8       0x60 ./src/LEDMRX_prog.o
 .debug_aranges
                0x00000608       0x50 ./src/NVIC_prog.o
 .debug_aranges
                0x00000658       0x30 ./src/RCC_program.o
 .debug_aranges
                0x00000688       0x58 ./src/STK_prog.o
 .debug_aranges
                0x000006e0       0x38 ./src/TIMER2to5_prog.o
 .debug_aranges
                0x00000718       0x30 ./src/initialize-hardware.o
 .debug_aranges
                0x00000748       0x30 ./src/main.o
 .debug_aranges
                0x00000778       0x38 ./src/stm32f1xx_hal_msp.o

.debug_pubnames
 *(.debug_pubnames)

.debug_info     0x00000000     0x9d76
 *(.debug_info .gnu.linkonce.wi.*)
 .debug_info    0x00000000      0x7c5 ./system/src/stm32f1-hal/stm32f1xx_hal.o
 .debug_info    0x000007c5      0xde9 ./system/src/stm32f1-hal/stm32f1xx_hal_cortex.o
 .debug_info    0x000015ae      0xc5d ./system/src/stm32f1-hal/stm32f1xx_hal_rcc.o
 .debug_info    0x0000220b      0x956 ./system/src/newlib/exit.o
 .debug_info    0x00002b61      0x942 ./system/src/newlib/sbrk.o
 .debug_info    0x000034a3      0x42e ./system/src/newlib/startup.o
 .debug_info    0x000038d1      0xa19 ./system/src/newlib/syscalls.o
 .debug_info    0x000042ea      0x40a ./system/src/diag/trace-impl.o
 .debug_info    0x000046f4      0xb2a ./system/src/diag/trace.o
 .debug_info    0x0000521e     0x11d7 ./system/src/cortexm/exception-handlers.o
 .debug_info    0x000063f5      0x353 ./system/src/cortexm/initialize-hardware.o
 .debug_info    0x00006748      0x27c ./system/src/cmsis/system_stm32f1xx.o
 .debug_info    0x000069c4       0xc9 ./system/src/cmsis/vectors_stm32f103xb.o
 .debug_info    0x00006a8d      0x12c ./src/AFIO_prog.o
 .debug_info    0x00006bb9      0x5a9 ./src/EXTI_prog.o
 .debug_info    0x00007162      0x294 ./src/GPIO_prog.o
 .debug_info    0x000073f6     0x1047 ./src/IR_prog.o
 .debug_info    0x0000843d      0x4e3 ./src/LEDMRX_prog.o
 .debug_info    0x00008920      0x18e ./src/NVIC_prog.o
 .debug_info    0x00008aae       0xd0 ./src/RCC_program.o
 .debug_info    0x00008b7e      0x1e3 ./src/STK_prog.o
 .debug_info    0x00008d61      0x253 ./src/TIMER2to5_prog.o
 .debug_info    0x00008fb4      0x2ae ./src/initialize-hardware.o
 .debug_info    0x00009262      0x980 ./src/main.o
 .debug_info    0x00009be2      0x194 ./src/stm32f1xx_hal_msp.o

.debug_abbrev   0x00000000     0x2885
 *(.debug_abbrev)
 .debug_abbrev  0x00000000      0x1ed ./system/src/stm32f1-hal/stm32f1xx_hal.o
 .debug_abbrev  0x000001ed      0x31e ./system/src/stm32f1-hal/stm32f1xx_hal_cortex.o
 .debug_abbrev  0x0000050b      0x248 ./system/src/stm32f1-hal/stm32f1xx_hal_rcc.o
 .debug_abbrev  0x00000753      0x1f3 ./system/src/newlib/exit.o
 .debug_abbrev  0x00000946      0x1fc ./system/src/newlib/sbrk.o
 .debug_abbrev  0x00000b42      0x1b3 ./system/src/newlib/startup.o
 .debug_abbrev  0x00000cf5      0x234 ./system/src/newlib/syscalls.o
 .debug_abbrev  0x00000f29      0x1f3 ./system/src/diag/trace-impl.o
 .debug_abbrev  0x0000111c      0x276 ./system/src/diag/trace.o
 .debug_abbrev  0x00001392      0x33c ./system/src/cortexm/exception-handlers.o
 .debug_abbrev  0x000016ce      0x104 ./system/src/cortexm/initialize-hardware.o
 .debug_abbrev  0x000017d2      0x134 ./system/src/cmsis/system_stm32f1xx.o
 .debug_abbrev  0x00001906       0x9d ./system/src/cmsis/vectors_stm32f103xb.o
 .debug_abbrev  0x000019a3       0xd0 ./src/AFIO_prog.o
 .debug_abbrev  0x00001a73      0x19f ./src/EXTI_prog.o
 .debug_abbrev  0x00001c12      0x12e ./src/GPIO_prog.o
 .debug_abbrev  0x00001d40      0x37e ./src/IR_prog.o
 .debug_abbrev  0x000020be      0x101 ./src/LEDMRX_prog.o
 .debug_abbrev  0x000021bf       0xc2 ./src/NVIC_prog.o
 .debug_abbrev  0x00002281       0x88 ./src/RCC_program.o
 .debug_abbrev  0x00002309      0x122 ./src/STK_prog.o
 .debug_abbrev  0x0000242b      0x102 ./src/TIMER2to5_prog.o
 .debug_abbrev  0x0000252d      0x10c ./src/initialize-hardware.o
 .debug_abbrev  0x00002639      0x19e ./src/main.o
 .debug_abbrev  0x000027d7       0xae ./src/stm32f1xx_hal_msp.o

.debug_line     0x00000000     0x76d8
 *(.debug_line)
 .debug_line    0x00000000      0x80b ./system/src/stm32f1-hal/stm32f1xx_hal.o
 .debug_line    0x0000080b      0x869 ./system/src/stm32f1-hal/stm32f1xx_hal_cortex.o
 .debug_line    0x00001074      0xa79 ./system/src/stm32f1-hal/stm32f1xx_hal_rcc.o
 .debug_line    0x00001aed      0x42e ./system/src/newlib/exit.o
 .debug_line    0x00001f1b      0x3e2 ./system/src/newlib/sbrk.o
 .debug_line    0x000022fd      0x49c ./system/src/newlib/startup.o
 .debug_line    0x00002799      0x530 ./system/src/newlib/syscalls.o
 .debug_line    0x00002cc9      0x9b7 ./system/src/diag/trace-impl.o
 .debug_line    0x00003680      0x4ab ./system/src/diag/trace.o
 .debug_line    0x00003b2b      0xa7a ./system/src/cortexm/exception-handlers.o
 .debug_line    0x000045a5      0x656 ./system/src/cortexm/initialize-hardware.o
 .debug_line    0x00004bfb      0x661 ./system/src/cmsis/system_stm32f1xx.o
 .debug_line    0x0000525c      0x13b ./system/src/cmsis/vectors_stm32f103xb.o
 .debug_line    0x00005397       0xd3 ./src/AFIO_prog.o
 .debug_line    0x0000546a      0x25c ./src/EXTI_prog.o
 .debug_line    0x000056c6      0x1e9 ./src/GPIO_prog.o
 .debug_line    0x000058af      0x63f ./src/IR_prog.o
 .debug_line    0x00005eee      0x227 ./src/LEDMRX_prog.o
 .debug_line    0x00006115      0x126 ./src/NVIC_prog.o
 .debug_line    0x0000623b       0xd6 ./src/RCC_program.o
 .debug_line    0x00006311      0x13d ./src/STK_prog.o
 .debug_line    0x0000644e       0xfe ./src/TIMER2to5_prog.o
 .debug_line    0x0000654c      0x94a ./src/initialize-hardware.o
 .debug_line    0x00006e96      0x1f3 ./src/main.o
 .debug_line    0x00007089      0x64f ./src/stm32f1xx_hal_msp.o

.debug_frame    0x00000000     0x13bc
 *(.debug_frame)
 .debug_frame   0x00000000      0x1d0 ./system/src/stm32f1-hal/stm32f1xx_hal.o
 .debug_frame   0x000001d0      0x164 ./system/src/stm32f1-hal/stm32f1xx_hal_cortex.o
 .debug_frame   0x00000334      0x1b0 ./system/src/stm32f1-hal/stm32f1xx_hal_rcc.o
 .debug_frame   0x000004e4       0x38 ./system/src/newlib/exit.o
 .debug_frame   0x0000051c       0x28 ./system/src/newlib/sbrk.o
 .debug_frame   0x00000544       0x7c ./system/src/newlib/startup.o
 .debug_frame   0x000005c0       0x50 ./system/src/newlib/syscalls.o
 .debug_frame   0x00000610       0x64 ./system/src/diag/trace-impl.o
 .debug_frame   0x00000674       0x94 ./system/src/diag/trace.o
 .debug_frame   0x00000708      0x158 ./system/src/cortexm/exception-handlers.o
 .debug_frame   0x00000860       0x40 ./system/src/cortexm/initialize-hardware.o
 .debug_frame   0x000008a0       0x30 ./system/src/cmsis/system_stm32f1xx.o
 .debug_frame   0x000008d0       0x20 ./system/src/cmsis/vectors_stm32f103xb.o
 .debug_frame   0x000008f0       0x2c ./src/AFIO_prog.o
 .debug_frame   0x0000091c      0x168 ./src/EXTI_prog.o
 .debug_frame   0x00000a84       0xf0 ./src/GPIO_prog.o
 .debug_frame   0x00000b74      0x158 ./src/IR_prog.o
 .debug_frame   0x00000ccc       0xfc ./src/LEDMRX_prog.o
 .debug_frame   0x00000dc8       0x80 ./src/NVIC_prog.o
 .debug_frame   0x00000e48       0x40 ./src/RCC_program.o
 .debug_frame   0x00000e88       0xa8 ./src/STK_prog.o
 .debug_frame   0x00000f30       0x68 ./src/TIMER2to5_prog.o
 .debug_frame   0x00000f98       0x58 ./src/initialize-hardware.o
 .debug_frame   0x00000ff0       0x6c ./src/main.o
 .debug_frame   0x0000105c       0x50 ./src/stm32f1xx_hal_msp.o
 .debug_frame   0x000010ac       0x20 d:/embedded/imt_arm/02-tools_novirus/03-eclipse sdk/good to go/eclipse-embedcpp-2021-03-r-win32-x86_64/armgcc/bin/../lib/gcc/arm-none-eabi/7.2.1/../../../../arm-none-eabi/lib/thumb/v7-m\libg_nano.a(lib_a-errno.o)
 .debug_frame   0x000010cc       0x28 d:/embedded/imt_arm/02-tools_novirus/03-eclipse sdk/good to go/eclipse-embedcpp-2021-03-r-win32-x86_64/armgcc/bin/../lib/gcc/arm-none-eabi/7.2.1/../../../../arm-none-eabi/lib/thumb/v7-m\libg_nano.a(lib_a-memcpy-stub.o)
 .debug_frame   0x000010f4       0x20 d:/embedded/imt_arm/02-tools_novirus/03-eclipse sdk/good to go/eclipse-embedcpp-2021-03-r-win32-x86_64/armgcc/bin/../lib/gcc/arm-none-eabi/7.2.1/../../../../arm-none-eabi/lib/thumb/v7-m\libg_nano.a(lib_a-memset.o)
 .debug_frame   0x00001114       0x4c d:/embedded/imt_arm/02-tools_novirus/03-eclipse sdk/good to go/eclipse-embedcpp-2021-03-r-win32-x86_64/armgcc/bin/../lib/gcc/arm-none-eabi/7.2.1/../../../../arm-none-eabi/lib/thumb/v7-m\libg_nano.a(lib_a-vsnprintf.o)
 .debug_frame   0x00001160       0x90 d:/embedded/imt_arm/02-tools_novirus/03-eclipse sdk/good to go/eclipse-embedcpp-2021-03-r-win32-x86_64/armgcc/bin/../lib/gcc/arm-none-eabi/7.2.1/../../../../arm-none-eabi/lib/thumb/v7-m\libg_nano.a(lib_a-nano-svfprintf.o)
 .debug_frame   0x000011f0       0x60 d:/embedded/imt_arm/02-tools_novirus/03-eclipse sdk/good to go/eclipse-embedcpp-2021-03-r-win32-x86_64/armgcc/bin/../lib/gcc/arm-none-eabi/7.2.1/../../../../arm-none-eabi/lib/thumb/v7-m\libg_nano.a(lib_a-nano-vfprintf_i.o)
 .debug_frame   0x00001250       0x28 d:/embedded/imt_arm/02-tools_novirus/03-eclipse sdk/good to go/eclipse-embedcpp-2021-03-r-win32-x86_64/armgcc/bin/../lib/gcc/arm-none-eabi/7.2.1/../../../../arm-none-eabi/lib/thumb/v7-m\libg_nano.a(lib_a-memchr-stub.o)
 .debug_frame   0x00001278       0x28 d:/embedded/imt_arm/02-tools_novirus/03-eclipse sdk/good to go/eclipse-embedcpp-2021-03-r-win32-x86_64/armgcc/bin/../lib/gcc/arm-none-eabi/7.2.1/../../../../arm-none-eabi/lib/thumb/v7-m\libg_nano.a(lib_a-memmove.o)
 .debug_frame   0x000012a0       0x38 d:/embedded/imt_arm/02-tools_novirus/03-eclipse sdk/good to go/eclipse-embedcpp-2021-03-r-win32-x86_64/armgcc/bin/../lib/gcc/arm-none-eabi/7.2.1/../../../../arm-none-eabi/lib/thumb/v7-m\libg_nano.a(lib_a-nano-freer.o)
 .debug_frame   0x000012d8       0x2c d:/embedded/imt_arm/02-tools_novirus/03-eclipse sdk/good to go/eclipse-embedcpp-2021-03-r-win32-x86_64/armgcc/bin/../lib/gcc/arm-none-eabi/7.2.1/../../../../arm-none-eabi/lib/thumb/v7-m\libg_nano.a(lib_a-nano-mallocr.o)
 .debug_frame   0x00001304       0x3c d:/embedded/imt_arm/02-tools_novirus/03-eclipse sdk/good to go/eclipse-embedcpp-2021-03-r-win32-x86_64/armgcc/bin/../lib/gcc/arm-none-eabi/7.2.1/../../../../arm-none-eabi/lib/thumb/v7-m\libg_nano.a(lib_a-nano-reallocr.o)
 .debug_frame   0x00001340       0x2c d:/embedded/imt_arm/02-tools_novirus/03-eclipse sdk/good to go/eclipse-embedcpp-2021-03-r-win32-x86_64/armgcc/bin/../lib/gcc/arm-none-eabi/7.2.1/../../../../arm-none-eabi/lib/thumb/v7-m\libg_nano.a(lib_a-sbrkr.o)
 .debug_frame   0x0000136c       0x30 d:/embedded/imt_arm/02-tools_novirus/03-eclipse sdk/good to go/eclipse-embedcpp-2021-03-r-win32-x86_64/armgcc/bin/../lib/gcc/arm-none-eabi/7.2.1/../../../../arm-none-eabi/lib/thumb/v7-m\libg_nano.a(lib_a-mlock.o)
 .debug_frame   0x0000139c       0x20 d:/embedded/imt_arm/02-tools_novirus/03-eclipse sdk/good to go/eclipse-embedcpp-2021-03-r-win32-x86_64/armgcc/bin/../lib/gcc/arm-none-eabi/7.2.1/../../../../arm-none-eabi/lib/thumb/v7-m\libg_nano.a(lib_a-nano-msizer.o)

.debug_str      0x00000000    0x9fef6
 *(.debug_str)
 .debug_str     0x00000000    0x95b65 ./system/src/stm32f1-hal/stm32f1xx_hal.o
                              0x95fe6 (size before relaxing)
 .debug_str     0x00095b65      0x2bb ./system/src/stm32f1-hal/stm32f1xx_hal_cortex.o
                              0x95fa9 (size before relaxing)
 .debug_str     0x00095e20      0x3a6 ./system/src/stm32f1-hal/stm32f1xx_hal_rcc.o
                              0x95d29 (size before relaxing)
 .debug_str     0x000961c6     0x4d38 ./system/src/newlib/exit.o
                               0x7ed9 (size before relaxing)
 .debug_str     0x0009aefe      0x4f4 ./system/src/newlib/sbrk.o
                               0x728b (size before relaxing)
 .debug_str     0x0009b3f2      0x25f ./system/src/newlib/startup.o
                               0x69c6 (size before relaxing)
 .debug_str     0x0009b651      0xe8a ./system/src/newlib/syscalls.o
                               0x8166 (size before relaxing)
 .debug_str     0x0009c4db      0x387 ./system/src/diag/trace-impl.o
                              0x99843 (size before relaxing)
 .debug_str     0x0009c862      0x81a ./system/src/diag/trace.o
                               0x8652 (size before relaxing)
 .debug_str     0x0009d07c      0x19d ./system/src/cortexm/exception-handlers.o
                              0x9aa60 (size before relaxing)
 .debug_str     0x0009d219       0x5d ./system/src/cortexm/initialize-hardware.o
                              0x9597b (size before relaxing)
 .debug_str     0x0009d276       0x39 ./system/src/cmsis/system_stm32f1xx.o
                              0x95914 (size before relaxing)
 .debug_str     0x0009d2af       0x59 ./system/src/cmsis/vectors_stm32f103xb.o
                               0x386a (size before relaxing)
 .debug_str     0x0009d308      0x4bf ./src/AFIO_prog.o
                               0x322b (size before relaxing)
 .debug_str     0x0009d7c7      0x446 ./src/EXTI_prog.o
                               0x35bd (size before relaxing)
 .debug_str     0x0009dc0d      0x69c ./src/GPIO_prog.o
                               0x37f6 (size before relaxing)
 .debug_str     0x0009e2a9      0x98a ./src/IR_prog.o
                               0x6eea (size before relaxing)
 .debug_str     0x0009ec33      0x511 ./src/LEDMRX_prog.o
                               0x368e (size before relaxing)
 .debug_str     0x0009f144      0x2fd ./src/NVIC_prog.o
                               0x31e6 (size before relaxing)
 .debug_str     0x0009f441      0x446 ./src/RCC_program.o
                               0x32ca (size before relaxing)
 .debug_str     0x0009f887      0x198 ./src/STK_prog.o
                               0x303e (size before relaxing)
 .debug_str     0x0009fa1f      0x151 ./src/TIMER2to5_prog.o
                               0x3011 (size before relaxing)
 .debug_str     0x0009fb70       0x30 ./src/initialize-hardware.o
                              0x99574 (size before relaxing)
 .debug_str     0x0009fba0      0x319 ./src/main.o
                               0x3aa2 (size before relaxing)
 .debug_str     0x0009feb9       0x3d ./src/stm32f1xx_hal_msp.o
                              0x958cc (size before relaxing)

.debug_loc      0x00000000     0x2cb3
 *(.debug_loc)
 .debug_loc     0x00000000      0x10c ./system/src/stm32f1-hal/stm32f1xx_hal.o
 .debug_loc     0x0000010c      0x71d ./system/src/stm32f1-hal/stm32f1xx_hal_cortex.o
 .debug_loc     0x00000829      0x580 ./system/src/stm32f1-hal/stm32f1xx_hal_rcc.o
 .debug_loc     0x00000da9       0x85 ./system/src/newlib/sbrk.o
 .debug_loc     0x00000e2e      0x1a9 ./system/src/newlib/startup.o
 .debug_loc     0x00000fd7       0x63 ./system/src/newlib/syscalls.o
 .debug_loc     0x0000103a      0x121 ./system/src/diag/trace-impl.o
 .debug_loc     0x0000115b       0xf6 ./system/src/diag/trace.o
 .debug_loc     0x00001251      0x291 ./system/src/cortexm/exception-handlers.o
 .debug_loc     0x000014e2       0xdf ./system/src/cmsis/system_stm32f1xx.o
 .debug_loc     0x000015c1       0x5f ./src/AFIO_prog.o
 .debug_loc     0x00001620      0x32e ./src/EXTI_prog.o
 .debug_loc     0x0000194e      0x38a ./src/GPIO_prog.o
 .debug_loc     0x00001cd8      0x6a7 ./src/IR_prog.o
 .debug_loc     0x0000237f      0x29f ./src/LEDMRX_prog.o
 .debug_loc     0x0000261e      0x149 ./src/NVIC_prog.o
 .debug_loc     0x00002767      0x14c ./src/RCC_program.o
 .debug_loc     0x000028b3       0x83 ./src/STK_prog.o
 .debug_loc     0x00002936       0xdf ./src/TIMER2to5_prog.o
 .debug_loc     0x00002a15       0x58 ./src/initialize-hardware.o
 .debug_loc     0x00002a6d      0x246 ./src/main.o

.debug_macinfo
 *(.debug_macinfo)

.debug_weaknames
 *(.debug_weaknames)

.debug_funcnames
 *(.debug_funcnames)

.debug_typenames
 *(.debug_typenames)

.debug_varnames
 *(.debug_varnames)
OUTPUT(Task3_LEDMatrix&IR.elf elf32-littlearm)

.debug_ranges   0x00000000      0x748
 .debug_ranges  0x00000000       0xd0 ./system/src/stm32f1-hal/stm32f1xx_hal.o
 .debug_ranges  0x000000d0      0x110 ./system/src/stm32f1-hal/stm32f1xx_hal_cortex.o
 .debug_ranges  0x000001e0       0xa0 ./system/src/stm32f1-hal/stm32f1xx_hal_rcc.o
 .debug_ranges  0x00000280       0x18 ./system/src/newlib/exit.o
 .debug_ranges  0x00000298       0x10 ./system/src/newlib/sbrk.o
 .debug_ranges  0x000002a8       0x78 ./system/src/newlib/startup.o
 .debug_ranges  0x00000320       0x20 ./system/src/newlib/syscalls.o
 .debug_ranges  0x00000340       0x50 ./system/src/diag/trace-impl.o
 .debug_ranges  0x00000390       0x28 ./system/src/diag/trace.o
 .debug_ranges  0x000003b8       0x80 ./system/src/cortexm/exception-handlers.o
 .debug_ranges  0x00000438       0x18 ./system/src/cortexm/initialize-hardware.o
 .debug_ranges  0x00000450       0x18 ./system/src/cmsis/system_stm32f1xx.o
 .debug_ranges  0x00000468       0x10 ./system/src/cmsis/vectors_stm32f103xb.o
 .debug_ranges  0x00000478       0x10 ./src/AFIO_prog.o
 .debug_ranges  0x00000488       0x88 ./src/EXTI_prog.o
 .debug_ranges  0x00000510       0x48 ./src/GPIO_prog.o
 .debug_ranges  0x00000558       0x68 ./src/IR_prog.o
 .debug_ranges  0x000005c0       0x50 ./src/LEDMRX_prog.o
 .debug_ranges  0x00000610       0x40 ./src/NVIC_prog.o
 .debug_ranges  0x00000650       0x20 ./src/RCC_program.o
 .debug_ranges  0x00000670       0x48 ./src/STK_prog.o
 .debug_ranges  0x000006b8       0x28 ./src/TIMER2to5_prog.o
 .debug_ranges  0x000006e0       0x20 ./src/initialize-hardware.o
 .debug_ranges  0x00000700       0x20 ./src/main.o
 .debug_ranges  0x00000720       0x28 ./src/stm32f1xx_hal_msp.o

.debug_macro    0x00000000    0x1b062
 .debug_macro   0x00000000      0x2a7 ./system/src/stm32f1-hal/stm32f1xx_hal.o
 .debug_macro   0x000002a7      0xa6c ./system/src/stm32f1-hal/stm32f1xx_hal.o
 .debug_macro   0x00000d13      0x2c8 ./system/src/stm32f1-hal/stm32f1xx_hal.o
 .debug_macro   0x00000fdb       0x2e ./system/src/stm32f1-hal/stm32f1xx_hal.o
 .debug_macro   0x00001009       0x22 ./system/src/stm32f1-hal/stm32f1xx_hal.o
 .debug_macro   0x0000102b      0x34e ./system/src/stm32f1-hal/stm32f1xx_hal.o
 .debug_macro   0x00001379       0x1c ./system/src/stm32f1-hal/stm32f1xx_hal.o
 .debug_macro   0x00001395       0x22 ./system/src/stm32f1-hal/stm32f1xx_hal.o
 .debug_macro   0x000013b7       0xc3 ./system/src/stm32f1-hal/stm32f1xx_hal.o
 .debug_macro   0x0000147a      0xd23 ./system/src/stm32f1-hal/stm32f1xx_hal.o
 .debug_macro   0x0000219d     0xe097 ./system/src/stm32f1-hal/stm32f1xx_hal.o
 .debug_macro   0x00010234       0x43 ./system/src/stm32f1-hal/stm32f1xx_hal.o
 .debug_macro   0x00010277     0x3468 ./system/src/stm32f1-hal/stm32f1xx_hal.o
 .debug_macro   0x000136df      0x174 ./system/src/stm32f1-hal/stm32f1xx_hal.o
 .debug_macro   0x00013853       0x5c ./system/src/stm32f1-hal/stm32f1xx_hal.o
 .debug_macro   0x000138af      0x5be ./system/src/stm32f1-hal/stm32f1xx_hal.o
 .debug_macro   0x00013e6d      0x289 ./system/src/stm32f1-hal/stm32f1xx_hal.o
 .debug_macro   0x000140f6      0x1cb ./system/src/stm32f1-hal/stm32f1xx_hal.o
 .debug_macro   0x000142c1      0x114 ./system/src/stm32f1-hal/stm32f1xx_hal.o
 .debug_macro   0x000143d5      0x1b2 ./system/src/stm32f1-hal/stm32f1xx_hal.o
 .debug_macro   0x00014587       0x27 ./system/src/stm32f1-hal/stm32f1xx_hal.o
 .debug_macro   0x000145ae      0x136 ./system/src/stm32f1-hal/stm32f1xx_hal.o
 .debug_macro   0x000146e4      0x1bc ./system/src/stm32f1-hal/stm32f1xx_hal.o
 .debug_macro   0x000148a0       0x34 ./system/src/stm32f1-hal/stm32f1xx_hal.o
 .debug_macro   0x000148d4       0x3c ./system/src/stm32f1-hal/stm32f1xx_hal.o
 .debug_macro   0x00014910      0x408 ./system/src/stm32f1-hal/stm32f1xx_hal.o
 .debug_macro   0x00014d18       0x57 ./system/src/stm32f1-hal/stm32f1xx_hal.o
 .debug_macro   0x00014d6f      0x46a ./system/src/stm32f1-hal/stm32f1xx_hal.o
 .debug_macro   0x000151d9      0x1b5 ./system/src/stm32f1-hal/stm32f1xx_hal.o
 .debug_macro   0x0001538e       0x22 ./system/src/stm32f1-hal/stm32f1xx_hal.o
 .debug_macro   0x000153b0       0x88 ./system/src/stm32f1-hal/stm32f1xx_hal.o
 .debug_macro   0x00015438      0x241 ./system/src/stm32f1-hal/stm32f1xx_hal.o
 .debug_macro   0x00015679      0x287 ./system/src/stm32f1-hal/stm32f1xx_hal.o
 .debug_macro   0x00015900       0x78 ./system/src/stm32f1-hal/stm32f1xx_hal.o
 .debug_macro   0x00015978      0x141 ./system/src/stm32f1-hal/stm32f1xx_hal.o
 .debug_macro   0x00015ab9      0x1ef ./system/src/stm32f1-hal/stm32f1xx_hal.o
 .debug_macro   0x00015ca8       0xec ./system/src/stm32f1-hal/stm32f1xx_hal.o
 .debug_macro   0x00015d94      0x217 ./system/src/stm32f1-hal/stm32f1xx_hal.o
 .debug_macro   0x00015fab      0x8d1 ./system/src/stm32f1-hal/stm32f1xx_hal.o
 .debug_macro   0x0001687c      0x26b ./system/src/stm32f1-hal/stm32f1xx_hal.o
 .debug_macro   0x00016ae7      0x217 ./system/src/stm32f1-hal/stm32f1xx_hal.o
 .debug_macro   0x00016cfe      0x1a7 ./system/src/stm32f1-hal/stm32f1xx_hal.o
 .debug_macro   0x00016ea5      0x2cd ./system/src/stm32f1-hal/stm32f1xx_hal.o
 .debug_macro   0x00017172       0x8d ./system/src/stm32f1-hal/stm32f1xx_hal.o
 .debug_macro   0x000171ff       0x65 ./system/src/stm32f1-hal/stm32f1xx_hal.o
 .debug_macro   0x00017264      0x249 ./system/src/stm32f1-hal/stm32f1xx_hal.o
 .debug_macro   0x000174ad       0x83 ./system/src/stm32f1-hal/stm32f1xx_hal.o
 .debug_macro   0x00017530      0x283 ./system/src/stm32f1-hal/stm32f1xx_hal_cortex.o
 .debug_macro   0x000177b3      0x295 ./system/src/stm32f1-hal/stm32f1xx_hal_rcc.o
 .debug_macro   0x00017a48      0x1b4 ./system/src/newlib/exit.o
 .debug_macro   0x00017bfc      0x169 ./system/src/newlib/sbrk.o
 .debug_macro   0x00017d65       0x10 ./system/src/newlib/sbrk.o
 .debug_macro   0x00017d75      0x23b ./system/src/newlib/sbrk.o
 .debug_macro   0x00017fb0      0x173 ./system/src/newlib/startup.o
 .debug_macro   0x00018123      0x217 ./system/src/newlib/syscalls.o
 .debug_macro   0x0001833a       0x1c ./system/src/newlib/syscalls.o
 .debug_macro   0x00018356       0x10 ./system/src/newlib/syscalls.o
 .debug_macro   0x00018366       0x10 ./system/src/newlib/syscalls.o
 .debug_macro   0x00018376       0x10 ./system/src/newlib/syscalls.o
 .debug_macro   0x00018386       0x35 ./system/src/newlib/syscalls.o
 .debug_macro   0x000183bb      0x122 ./system/src/newlib/syscalls.o
 .debug_macro   0x000184dd       0x88 ./system/src/newlib/syscalls.o
 .debug_macro   0x00018565       0x2b ./system/src/newlib/syscalls.o
 .debug_macro   0x00018590      0x118 ./system/src/newlib/syscalls.o
 .debug_macro   0x000186a8      0x189 ./system/src/newlib/syscalls.o
 .debug_macro   0x00018831       0x16 ./system/src/newlib/syscalls.o
 .debug_macro   0x00018847      0x3f7 ./system/src/diag/trace-impl.o
 .debug_macro   0x00018c3e       0x10 ./system/src/diag/trace-impl.o
 .debug_macro   0x00018c4e      0x32a ./system/src/diag/trace-impl.o
 .debug_macro   0x00018f78       0x22 ./system/src/diag/trace-impl.o
 .debug_macro   0x00018f9a      0x1fb ./system/src/diag/trace.o
 .debug_macro   0x00019195       0x16 ./system/src/diag/trace.o
 .debug_macro   0x000191ab       0x97 ./system/src/diag/trace.o
 .debug_macro   0x00019242       0xfd ./system/src/diag/trace.o
 .debug_macro   0x0001933f       0x10 ./system/src/diag/trace.o
 .debug_macro   0x0001934f       0x16 ./system/src/diag/trace.o
 .debug_macro   0x00019365      0x16f ./system/src/diag/trace.o
 .debug_macro   0x000194d4       0x4c ./system/src/diag/trace.o
 .debug_macro   0x00019520       0x16 ./system/src/diag/trace.o
 .debug_macro   0x00019536      0x447 ./system/src/cortexm/exception-handlers.o
 .debug_macro   0x0001997d       0x10 ./system/src/cortexm/exception-handlers.o
 .debug_macro   0x0001998d      0x28d ./system/src/cortexm/initialize-hardware.o
 .debug_macro   0x00019c1a      0x283 ./system/src/cmsis/system_stm32f1xx.o
 .debug_macro   0x00019e9d       0x34 ./system/src/cmsis/vectors_stm32f103xb.o
 .debug_macro   0x00019ed1       0x58 ./src/AFIO_prog.o
 .debug_macro   0x00019f29       0x28 ./src/AFIO_prog.o
 .debug_macro   0x00019f51      0x130 ./src/AFIO_prog.o
 .debug_macro   0x0001a081       0x10 ./src/AFIO_prog.o
 .debug_macro   0x0001a091       0x7d ./src/EXTI_prog.o
 .debug_macro   0x0001a10e       0x1c ./src/EXTI_prog.o
 .debug_macro   0x0001a12a       0x28 ./src/EXTI_prog.o
 .debug_macro   0x0001a152       0x10 ./src/EXTI_prog.o
 .debug_macro   0x0001a162       0x10 ./src/EXTI_prog.o
 .debug_macro   0x0001a172       0x48 ./src/GPIO_prog.o
 .debug_macro   0x0001a1ba       0xa0 ./src/GPIO_prog.o
 .debug_macro   0x0001a25a      0x172 ./src/IR_prog.o
 .debug_macro   0x0001a3cc       0x10 ./src/IR_prog.o
 .debug_macro   0x0001a3dc      0x136 ./src/IR_prog.o
 .debug_macro   0x0001a512       0x64 ./src/IR_prog.o
 .debug_macro   0x0001a576       0x75 ./src/LEDMRX_prog.o
 .debug_macro   0x0001a5eb       0x3a ./src/LEDMRX_prog.o
 .debug_macro   0x0001a625       0x46 ./src/LEDMRX_prog.o
 .debug_macro   0x0001a66b       0x54 ./src/NVIC_prog.o
 .debug_macro   0x0001a6bf       0x22 ./src/NVIC_prog.o
 .debug_macro   0x0001a6e1       0x4c ./src/NVIC_prog.o
 .debug_macro   0x0001a72d       0x1c ./src/NVIC_prog.o
 .debug_macro   0x0001a749       0x3f ./src/RCC_program.o
 .debug_macro   0x0001a788       0xca ./src/RCC_program.o
 .debug_macro   0x0001a852       0x16 ./src/RCC_program.o
 .debug_macro   0x0001a868       0x44 ./src/STK_prog.o
 .debug_macro   0x0001a8ac       0x28 ./src/STK_prog.o
 .debug_macro   0x0001a8d4       0x10 ./src/STK_prog.o
 .debug_macro   0x0001a8e4       0x3f ./src/TIMER2to5_prog.o
 .debug_macro   0x0001a923       0x22 ./src/TIMER2to5_prog.o
 .debug_macro   0x0001a945      0x3dc ./src/initialize-hardware.o
 .debug_macro   0x0001ad21       0xbe ./src/main.o
 .debug_macro   0x0001addf      0x283 ./src/stm32f1xx_hal_msp.o
